0 verbose cli C:\Program Files\nodejs\node.exe C:\Program Files\nodejs\node_modules\npm\bin\npm-cli.js
1 info using npm@11.13.0
2 info using node@v26.2.0
3 silly config load:file:C:\Program Files\nodejs\node_modules\npm\npmrc
4 silly config load:file:D:\Project\manychatbot-ai-platform\.npmrc
5 silly config load:file:C:\Users\Haiphee\.npmrc
6 silly config load:file:C:\Users\Haiphee\AppData\Roaming\npm\etc\npmrc
7 verbose title npm install
8 verbose argv "install" "--package-lock-only" "--ignore-scripts"
9 verbose logfile logs-max:10 dir:D:\Project\manychatbot-ai-platform\.sites-runtime\npm-cache\_logs\2026-09-13T03_14_31_972Z-
10 verbose logfile D:\Project\manychatbot-ai-platform\.sites-runtime\npm-cache\_logs\2026-09-13T03_14_31_972Z-debug-0.log
11 silly logfile start cleaning logs, removing 1 files
12 silly packumentCache heap:4395630592 maxSize:1098907648 maxEntrySize:549453824
13 silly logfile done cleaning log files
14 silly idealTree buildDeps
15 verbose cwd D:\Project\manychatbot-ai-platform
16 verbose os Windows_NT 10.0.26200
17 verbose node v26.2.0
18 verbose npm  v11.13.0
19 verbose exit 0
20 info ok
