0 verbose cli C:\Program Files\nodejs\node.exe C:\Program Files\nodejs\node_modules\npm\bin\npm-cli.js
1 info using npm@11.13.0
2 info using node@v26.2.0
3 silly config load:file:C:\Program Files\nodejs\node_modules\npm\npmrc
4 silly config load:file:D:\Project\manychatbot-ai-platform\.npmrc
5 silly config load:file:C:\Users\Haiphee\.npmrc
6 silly config load:file:C:\Users\Haiphee\AppData\Roaming\npm\etc\npmrc
7 verbose title npm uninstall cloudinary
8 verbose argv "uninstall" "cloudinary"
9 verbose logfile logs-max:10 dir:D:\Project\manychatbot-ai-platform\.sites-runtime\npm-cache\_logs\2026-09-14T06_51_32_311Z-
10 verbose logfile D:\Project\manychatbot-ai-platform\.sites-runtime\npm-cache\_logs\2026-09-14T06_51_32_311Z-debug-0.log
11 silly logfile start cleaning logs, removing 1 files
12 silly packumentCache heap:4395630592 maxSize:1098907648 maxEntrySize:549453824
13 silly logfile done cleaning log files
14 silly idealTree buildDeps
15 silly reify mark retired [ 'D:\\Project\\manychatbot-ai-platform\\node_modules\\cloudinary' ]
16 silly reify mark retired [ 'D:\\Project\\manychatbot-ai-platform\\node_modules\\lodash' ]
17 silly reify moves {
17 silly reify   'D:\\Project\\manychatbot-ai-platform\\node_modules\\cloudinary': 'D:\\Project\\manychatbot-ai-platform\\node_modules\\.cloudinary-vGgJTuMM',
17 silly reify   'D:\\Project\\manychatbot-ai-platform\\node_modules\\lodash': 'D:\\Project\\manychatbot-ai-platform\\node_modules\\.lodash-lh4ooQzo'
17 silly reify }
18 silly REMOVE node_modules/lodash
19 silly REMOVE node_modules/cloudinary
20 verbose cwd D:\Project\manychatbot-ai-platform
21 verbose os Windows_NT 10.0.26200
22 verbose node v26.2.0
23 verbose npm  v11.13.0
24 verbose exit 0
25 info ok
